// Jest Snapshot v1, https://goo.gl/fbAQLP

exports[`SEO snapshot renders correctly 1`] = `null`;
